../Core/Src/main.c:86:5:main	8	static
../Core/Src/main.c:168:6:SystemClock_Config	88	static
../Core/Src/main.c:214:13:MX_I2C1_Init	8	static
../Core/Src/main.c:248:13:MX_I2S3_Init	8	static
../Core/Src/main.c:282:13:MX_SPI1_Init	8	static
../Core/Src/main.c:320:13:MX_TIM11_Init	8	static
../Core/Src/main.c:351:13:MX_GPIO_Init	56	static
../Core/Src/main.c:453:6:StartDefaultTask	16	static
../Core/Src/main.c:475:6:HAL_TIM_PeriodElapsedCallback	16	static
../Core/Src/main.c:492:6:Error_Handler	4	static,ignoring_inline_asm
