../Core/Src/main.c:90:5:main	16	static
../Core/Src/main.c:174:6:SystemClock_Config	88	static
../Core/Src/main.c:220:13:MX_I2C1_Init	8	static
../Core/Src/main.c:254:13:MX_I2S3_Init	8	static
../Core/Src/main.c:288:13:MX_SPI1_Init	8	static
../Core/Src/main.c:326:13:MX_TIM11_Init	8	static
../Core/Src/main.c:357:13:MX_GPIO_Init	56	static
../Core/Src/main.c:459:6:MyTask	24	static
../Core/Src/main.c:485:6:HAL_TIM_PeriodElapsedCallback	16	static
../Core/Src/main.c:502:6:Error_Handler	4	static,ignoring_inline_asm
